C251 COMPILER V5.60.0,  adc                                                                09/06/23  13:14:13  PAGE 1   


C251 COMPILER V5.60.0, COMPILATION OF MODULE adc
OBJECT MODULE PLACED IN .\Out_File\adc.obj
COMPILER INVOKED BY: D:\Keil_v5\C251\BIN\C251.EXE ..\USER\src\adc.c XSMALL WARNINGLEVEL(3) BROWSE INCDIR(..\..\Libraries
                    -\libraries;..\..\Libraries\seekfree_libraries;..\..\Libraries\seekfree_peripheral;..\CODE;..\USER\inc;..\USER\src;..\..\
                    -..\DIANCI) DEBUG PRINT(.\Out_File\adc.lst) TABS(2) OBJECT(.\Out_File\adc.obj) 

stmt  level    source

    1          #include "headfile.h"
    2          
    3          
    4          
    5          //-------------------------------------------------------------------------------------------------------
             -------------
    6          //  @brief      ADC初始化
    7          //  @param      adcn            
    8          //  @param      speed         
    9          //  @return     void
   10          //  Sample usage:   初始化引脚为ADC功能,ADC时钟频率：SYSclk/2
   11          //-------------------------------------------------------------------------------------------------------
             -------------
   12          /*
   13            0(1.0)  //1(1.1) 2(5.4) 3(1.3) //4(1.4) 5(1.5) //6(1.6) 7(1.7) 8(0.0) 9(0.1) 10(0.2) 
   14            11(0.3) 12(0.4) 13(0.5) 14(0.6)
   15          */
   16          void Use_adc_Init(void)
   17          {
   18   1        
   19   1      //  adc_init(ADC_P05, ADC_SYSclk_DIV_2);//ADC通道13
   20   1        adc_init(ADC_P00, ADC_SYSclk_DIV_2);//8
   21   1        adc_init(ADC_P17, ADC_SYSclk_DIV_2);//7
   22   1        adc_init(ADC_P01, ADC_SYSclk_DIV_2);//9
   23   1        adc_init(ADC_P02, ADC_SYSclk_DIV_2);//10
   24   1        adc_init(ADC_P03, ADC_SYSclk_DIV_2);//11  
   25   1        
   26   1        
   27   1      }
   28          ////-----------------------------------------------------------------------------------------------------
             ---------------
   29          ////  @brief      ADC转换一次读值
   30          ////  @param      adcn            选择ADC通道
   31          ////  @param      resolution      分辨率
   32          ////  @return     void
   33          ////  Sample usage:               adc_convert(ADC_P10, ADC_10BIT);
   34          ////-----------------------------------------------------------------------------------------------------
             ---------------
   35          ///*经过例程验证初始化不需要再配置，直接多次进行单次转换即可*/DMA不用读，直接转换
   36          //void Read_adc_once(void)
   37          //{
   38          //   adc_data[0] = adc_once(ADC_P11,ADC_12BIT);
   39          //   adc_data[1] = adc_once(ADC_P13,ADC_12BIT);
   40          //   adc_data[2] = adc_once(ADC_P14,ADC_12BIT);
   41          //   adc_data[3] = adc_once(ADC_P15,ADC_12BIT);
   42          //   adc_data[4] = adc_once(ADC_P16,ADC_12BIT);
   43          //}
   44          
   45          void shuju_adc(void)
   46          {
   47   1         uint8 i,n,x=0,y=0;
   48   1        
   49   1         uint16 dat[5*ADC_CH+1];
   50   1         
   51   1        if(DmaADCFlag)  //判断ADC DMA采样是否完成
   52   1          {
   53   2            DmaADCFlag = 0; //清除完成标志   
C251 COMPILER V5.60.0,  adc                                                                09/06/23  13:14:13  PAGE 2   

   54   2          
   55   2              y=0;
   56   2              OLED_ShowNum(0,0,17,2,12);  
   57   2              OLED_ShowNum(0,12,00,2,12); 
   58   2              OLED_ShowNum(0,24,01,2,12); 
   59   2              OLED_ShowNum(0,36,02,2,12); 
   60   2              OLED_ShowNum(0,48,03,2,12); 
   61   2      //        OLED_ShowNum(70,0,5,1,12);      
   62   2              OLED_ShowString(12,0,":",12);
   63   2              OLED_ShowString(12,12,":",12);  
   64   2              OLED_ShowString(12,24,":",12);  
   65   2              OLED_ShowString(12,36,":",12);  
   66   2              OLED_ShowString(12,48,":",12);  
   67   2      //        OLED_ShowString(76,0,":",12); 
   68   2            for(i=0; i<ADC_CH; i++)     //打印每个设置通道的采样结果//5
   69   2            {
   70   3               if(i<5)  x=18;
   71   3              else  if(i==5) { x=82;y=0;}
   72   3              else y=0;
   73   3              for(n=0; n<ADC_DATA; n=n+2)   //打印当前通道的采样数据//12
   74   3              {       
   75   4                dat[i]=DmaAdBuffer[i][n]<<8;
   76   4                dat[i]=dat[i]|DmaAdBuffer[i][n+1];
   77   4                
   78   4                if(n==10)
   79   4                {
   80   5                  
   81   5                  OLED_ShowNum(x,y,dat[i],4,12);  
   82   5                  OLED_Refresh();           
   83   5                y=y+12; 
   84   5                }
   85   4            }           
   86   3            }
   87   2            
   88   2           DMA_ADC_TRIG();    //重新触发启动下一次转换
   89   2        } 
   90   1      }
   91          
   92          


Module Information          Static   Overlayable
------------------------------------------------
  code size            =       398     ------
  ecode size           =    ------     ------
  data size            =    ------     ------
  idata size           =    ------     ------
  pdata size           =    ------     ------
  xdata size           =    ------     ------
  xdata-const size     =    ------     ------
  edata size           =    ------         52
  bit size             =    ------     ------
  ebit size            =    ------     ------
  bitaddressable size  =    ------     ------
  ebitaddressable size =    ------     ------
  far data size        =    ------     ------
  huge data size       =    ------     ------
  const size           =    ------     ------
  hconst size          =         2     ------
End of Module Information.


C251 COMPILATION COMPLETE.  0 WARNING(S),  0 ERROR(S)
